---
source: tests/cli.rs
info:
  program: losrs
  args:
    - review
    - /tmp/.tmpgegU71
    - "--help"
  page_lines:
    - - ""
---
success: true
exit_code: 0
----- stdout -----
review cards

Usage: losrs review [OPTIONS] <PATH> [PROMPT_FINGERPRINT]

Arguments:
  <PATH>
          The path to the file to read

  [PROMPT_FINGERPRINT]
          Fingerprint of the card's prompt. Use metadata command to find one

Options:
      --format <FORMAT>
          [default: clean]
          [possible values: clean, typst, sixel, storage]

      --ppi <PPI>
          Pixel density in PPI (Pixels Per Inch). Used with image based formats
          
          [default: 96]

      --base-font-size <BASE_FONT_SIZE>
          "base" font size in points. Used with image based formats.
          
          Everything is scaled relative to this font size. It is best to set this to the same font size as your terminal font size.
          
          [default: 12]

      --at <TIMESTAMP>
          RFC3999 timestamp to use as the time of the review. Affects both selection and updating

      --seed <SEED>
          Seed used for shuffling cards ready to be reviewed

  -h, --help
          Print help (see a summary with '-h')

----- stderr -----
